CGTN,https://0472.org/hls/cgtn.m3u8
CGTN,http://english-livetx.cgtn.com/hls/yypdyyctzb_hd.m3u8
CGTN俄语,https://0472.org/hls/cgtne.m3u8
CGTN俄语,http://russian-livews.cgtn.com/hls/LSvexABhNipibK5KRuUkvHZ7220802LSTeze9o8tdFXMHsb1VosgoT220802cd.m3u8
CGTN法语,https://0472.org/hls/cgtnf.m3u8
CGTN法语,http://espanol-liveali.cgtn.com/hls/LSveOGBaBw41Ea7ukkVAUdKQ220802LSTexu6xAuFH8VZNBLE1ZNEa220802cd.m3u8
CGTN纪录,https://0472.org/hls/cgtnd.m3u8
CGTN纪录,https://english-livetx.cgtn.com/hls/yypdjlctzb_hd.m3u8
CGTN西语,https://0472.org/hls/cgtnx.m3u8
CGTN阿语,https://0472.org/hls/cgtna.m3u8
熊猫直播,https://gcwbndali.v.myalicdn.com/gcwbnd/ipanda1000_2/index.m3u8
直播中国,https://gcalic.v.myalicdn.com/gc/wgw05_1/index.m3u8?contentid=2820180516001
支持作者,https://vd2.bdstatic.com/mda-sctj0f6r4u1bpebc/1080p/cae_h264/1774706523506678171/mda-sctj0f6r4u1bpebc.mp4
海峡卫视,http://8.138.7.223/tv/hxws.m3u8
农林卫视,http://120.76.248.139/live/bfgd/4200000122.m3u8
东方卫视4K,https://bp-resource-dfl.bestv.cn/148/3/video.m3u8
苏州4K,https://tylive.kan0512.com/norecord/csztv4k_4k.m3u8
龙华电影,https://cdn8.163189.xyz/live/lhdy/stream.m3u8
AMC电影,http://61.221.215.25:8800/hls/43/index.m3u8
28岁电影,https://goodiptv.club/douyu/8884164
CHC电影,http://183.237.95.108:9901/tsfile/live/1008_1.m3u8?key=txiptv&playlive=0&authid=0
三七电影V,https://goodiptv.club/douyu/9457792
二胖影视,https://goodiptv.club/douyu/10064260
五分钟电影汇,https://goodiptv.club/douyu/8443438
人在囧途,https://vip.ffzy-play.com/20221018/1953_2d6ba500/index.m3u8
人在囧途之泰囧,https://vip.ffzy-play.com/20221018/1951_47e1adc8/index.m3u8
人在囧途之港囧,https://vip.ffzy-play7.com/20230112/11082_fde1a94d/index.m3u8
佛曰影视,https://goodiptv.club/douyu/9671758
倩女幽魂人间道,http://jsmov2.a.yximgs.com/bs3/video-hls/5250634317044855747_hlsb.m3u8
倩女幽魂妖魔道,http://jsmov2.a.yximgs.com/bs3/video-hls/5232901391302199073_hlsb.m3u8
倩女幽魂道道道,http://jsmov2.a.yximgs.com/bs3/video-hls/5216294367991385255_hlsb.m3u8
冰冰影剧,http://www.goodiptv.club/douyu/74374
刀刀影院,http://www.goodiptv.club/douyu/747764
刘哔电影,https://goodiptv.club/douyu/2632223
前任电影,https://goodiptv.club/douyu/9329242
华语影视,http://www.goodiptv.club/douyu/3928
发条张的电影最TOP,https://goodiptv.club/douyu/2164691
古装武侠,http://www.goodiptv.club/douyu/2793084
同同电影,https://goodiptv.club/douyu/10155359
哈利影视,https://goodiptv.club/douyu/8475821
喜人电影,https://goodiptv.club/douyu/10348735
喜剧电影笑不停,https://goodiptv.club/douyu/10298856
噬元兽影视,https://goodiptv.club/douyu/8896723
四叶草影视,https://goodiptv.club/douyu/9446117
墨逗电影,https://goodiptv.club/douyu/9614847
大米饭影视,https://goodiptv.club/douyu/9824094
大荒电影,https://goodiptv.club/douyu/3508538
天堂电影1895,https://goodiptv.club/douyu/9573592
奇怪电影,https://goodiptv.club/douyu/9440966
寒战,https://vip.ffzy-play6.com/20221019/157_bf0740ee/index.m3u8
小儛电影嘚啵嘚,https://goodiptv.club/douyu/8362978
影视梗大叔,https://goodiptv.club/douyu/9480648
影视集装箱,https://goodiptv.club/douyu/8651489
怪兽马提尼电影,https://goodiptv.club/douyu/9075333
怪味爆米花电影,https://goodiptv.club/douyu/9422144
我不是药神,https://vip.ffzy-play1.com/20221018/478_c3afed66/index.m3u8
拆弹专家1,https://vip.ffzy-online.com/20221015/719_80ff87c2/index.m3u8
拆弹专家2,https://vip.ffzy-online.com/20221015/722_e32c42bc/index.m3u8
斗鱼港剧,http://www.goodiptv.club/douyu/5061550
无际电影,https://goodiptv.club/douyu/9720498
有部电影儿,https://goodiptv.club/douyu/9736479
橙记港剧,http://www.goodiptv.club/douyu/4549169
每日好电影V,https://goodiptv.club/douyu/9533302
洛克电影,https://goodiptv.club/douyu/9414884
涛浪浪电影,https://goodiptv.club/douyu/5424258
热门港剧,http://www.goodiptv.club/douyu/5522351
熊猫电影,https://goodiptv.club/douyu/3506483
爱星影视,https://goodiptv.club/douyu/9476806
特辑电影院,https://goodiptv.club/douyu/3637778
狗毛电影,https://goodiptv.club/douyu/9356637
独立鱼电影,https://goodiptv.club/douyu/2413555
猫眼电影,https://goodiptv.club/douyu/8726221
玖月影视,https://goodiptv.club/douyu/9339251
电影七十二变,https://goodiptv.club/douyu/9323164
电影先锋V,https://goodiptv.club/douyu/8711212
电影冷知识,https://goodiptv.club/douyu/9660835
电影刘油果,https://goodiptv.club/douyu/3985805
电影吐槽汇,https://goodiptv.club/douyu/9447668
电影小班长,https://goodiptv.club/douyu/549693
电影幕后喵,https://goodiptv.club/douyu/8884074
电影漩涡,https://goodiptv.club/douyu/8706350
电影笔记,https://goodiptv.club/douyu/9636034
电影迷小雅,https://goodiptv.club/douyu/9639225
电影黑匣子,https://goodiptv.club/douyu/8706652
粤语电影丶,https://goodiptv.club/douyu/1226741
经典剧集,http://www.goodiptv.club/douyu/6863367
维立方电影,https://goodiptv.club/douyu/8706393
美亚电影,https://live.tvfix.org/live/mydy/index.m3u8
老王的夜电影院,https://goodiptv.club/douyu/3498219
老电影故事,https://goodiptv.club/douyu/9167273
腹黑电影,https://goodiptv.club/douyu/8867878
莱纳电影,https://goodiptv.club/douyu/9356937
让子弹飞,https://vip.ffzy-play7.com/20230116/11563_b9f44814/index.m3u8
豆瓣电影,https://live.tvfix.org/live/cmc/index.m3u8
贝爷求生,http://www.goodiptv.club/douyu/9661369
ABN China (720p),https://mediaserver.abnvideos.com/streams/abnchina.m3u8
